// Jest Snapshot v1, https://goo.gl/fbAQLP

exports[`Button 1`] = `
<button
  className="btn btn-lg btn-default "
  onClick={[Function]}
  type="button"
>
  
  TEXT
</button>
`;
