// Jest Snapshot v1, https://goo.gl/fbAQLP

exports[`Button 1`] = `
<i
  className="glyphicon glyphicon-icon "
/>
`;
